
Memory Configuration

Name             Origin             Length             Attributes
flash            0x00000000         0x20000000         xr
sram             0x20000000         0x20000000         xrw
*default*        0x00000000         0xffffffff

Linker script and memory map


.text           0x00000000      0x1bc
 *(.vectors*)
 .vectors       0x00000000       0x10 startup.o
                0x00000000                g_p_fn_vectors
 *(.text*)
 .text          0x00000010       0xf0 app.o
                0x00000010                main
 .text          0x00000100       0xbc startup.o
                0x00000100                NMI_handler
                0x00000100                Default_Handler
                0x00000100                H_Fault_handler
                0x0000010c                Reset_handler
 *(.rodata)
                0x000001bc                . = ALIGN (0x4)
                0x000001bc                _E_TEXT = .

.glue_7         0x000001bc        0x0
 .glue_7        0x00000000        0x0 linker stubs

.glue_7t        0x000001bc        0x0
 .glue_7t       0x00000000        0x0 linker stubs

.vfp11_veneer   0x000001bc        0x0
 .vfp11_veneer  0x00000000        0x0 linker stubs

.v4_bx          0x000001bc        0x0
 .v4_bx         0x00000000        0x0 linker stubs

.iplt           0x000001bc        0x0
 .iplt          0x00000000        0x0 app.o

.rel.dyn        0x000001bc        0x0
 .rel.iplt      0x00000000        0x0 app.o

.data           0x20000000        0x0 load address 0x000001bc
                0x20000000                _S_DATA = .
 *(.data)
 .data          0x20000000        0x0 app.o
 .data          0x20000000        0x0 startup.o
                0x20000000                . = ALIGN (0x4)
                0x20000000                _E_DATA = .

.igot.plt       0x20000000        0x0 load address 0x000001bc
 .igot.plt      0x00000000        0x0 app.o

.bss            0x20000000      0x400 load address 0x000001bc
                0x20000000                _S_BSS = .
 *(.bss*)
 .bss           0x20000000        0x0 app.o
 .bss           0x20000000      0x400 startup.o
                0x20000400                _E_BSS = .
LOAD app.o
LOAD startup.o
OUTPUT(Lesson4_cortexm4.elf elf32-littlearm)

.debug_info     0x00000000      0x239
 .debug_info    0x00000000       0x9f app.o
 .debug_info    0x0000009f      0x19a startup.o

.debug_abbrev   0x00000000      0x129
 .debug_abbrev  0x00000000       0x65 app.o
 .debug_abbrev  0x00000065       0xc4 startup.o

.debug_loc      0x00000000       0x9c
 .debug_loc     0x00000000       0x38 app.o
 .debug_loc     0x00000038       0x64 startup.o

.debug_aranges  0x00000000       0x40
 .debug_aranges
                0x00000000       0x20 app.o
 .debug_aranges
                0x00000020       0x20 startup.o

.debug_line     0x00000000       0xf5
 .debug_line    0x00000000       0x78 app.o
 .debug_line    0x00000078       0x7d startup.o

.debug_str      0x00000000      0x13e
 .debug_str     0x00000000       0xa0 app.o
                                 0xb9 (size before relaxing)
 .debug_str     0x000000a0       0x9e startup.o
                                0x14b (size before relaxing)

.comment        0x00000000       0x11
 .comment       0x00000000       0x11 app.o
                                 0x12 (size before relaxing)
 .comment       0x00000000       0x12 startup.o

.ARM.attributes
                0x00000000       0x33
 .ARM.attributes
                0x00000000       0x33 app.o
 .ARM.attributes
                0x00000033       0x33 startup.o

.debug_frame    0x00000000       0x78
 .debug_frame   0x00000000       0x2c app.o
 .debug_frame   0x0000002c       0x4c startup.o
