
Memory Configuration

Name             Origin             Length             Attributes
flash            0x08000000         0x00020000         xr
sram             0x20000000         0x00005000         xrw
*default*        0x00000000         0xffffffff

Linker script and memory map


.text           0x08000000      0x224
 *(.vectors*)
 .vectors       0x08000000       0x10 startup.o
                0x08000000                g_p_fn_vectors
 *(.text*)
 .text          0x08000010       0xbc startup.o
                0x08000010                NMI_handler
                0x08000010                Default_Handler
                0x08000010                H_Fault_handler
                0x0800001c                Reset_handler
 .text          0x080000cc       0x18 pressure_sensor.o
                0x080000cc                getPressureVal
 .text          0x080000e4       0xa4 GPIO.o
                0x080000e4                GPIO_INITIALIZATION
                0x08000164                Delay
 .text          0x08000188       0x4c main.o
                0x08000188                main
 .text          0x080001d4       0x50 alarm.o
                0x080001d4                Set_Alarm_actuator
 *(.rodata)
                0x08000224                . = ALIGN (0x4)
                0x08000224                _E_TEXT = .

.glue_7         0x08000224        0x0
 .glue_7        0x00000000        0x0 linker stubs

.glue_7t        0x08000224        0x0
 .glue_7t       0x00000000        0x0 linker stubs

.vfp11_veneer   0x08000224        0x0
 .vfp11_veneer  0x00000000        0x0 linker stubs

.v4_bx          0x08000224        0x0
 .v4_bx         0x00000000        0x0 linker stubs

.iplt           0x08000224        0x0
 .iplt          0x00000000        0x0 startup.o

.rel.dyn        0x08000224        0x0
 .rel.iplt      0x00000000        0x0 startup.o

.data           0x20000000        0x0 load address 0x08000224
                0x20000000                _S_DATA = .
 *(.data)
 .data          0x20000000        0x0 startup.o
 .data          0x20000000        0x0 pressure_sensor.o
 .data          0x20000000        0x0 GPIO.o
 .data          0x20000000        0x0 main.o
 .data          0x20000000        0x0 alarm.o
                0x20000000                . = ALIGN (0x4)
                0x20000000                _E_DATA = .

.igot.plt       0x20000000        0x0 load address 0x08000224
 .igot.plt      0x00000000        0x0 startup.o

.bss            0x20000000      0x400 load address 0x08000224
                0x20000000                _S_BSS = .
 *(.bss*)
 .bss           0x20000000      0x400 startup.o
 .bss           0x20000400        0x0 pressure_sensor.o
 .bss           0x20000400        0x0 GPIO.o
 .bss           0x20000400        0x0 main.o
 .bss           0x20000400        0x0 alarm.o
                0x20000400                _E_BSS = .
LOAD startup.o
LOAD pressure_sensor.o
LOAD GPIO.o
LOAD main.o
LOAD alarm.o
OUTPUT(Project1.elf elf32-littlearm)

.debug_info     0x00000000      0x454
 .debug_info    0x00000000      0x19a startup.o
 .debug_info    0x0000019a       0x95 pressure_sensor.o
 .debug_info    0x0000022f       0xc1 GPIO.o
 .debug_info    0x000002f0       0xba main.o
 .debug_info    0x000003aa       0xaa alarm.o

.debug_abbrev   0x00000000      0x267
 .debug_abbrev  0x00000000       0xc4 startup.o
 .debug_abbrev  0x000000c4       0x56 pressure_sensor.o
 .debug_abbrev  0x0000011a       0x7b GPIO.o
 .debug_abbrev  0x00000195       0x6d main.o
 .debug_abbrev  0x00000202       0x65 alarm.o

.debug_loc      0x00000000      0x164
 .debug_loc     0x00000000       0x64 startup.o
 .debug_loc     0x00000064       0x2c pressure_sensor.o
 .debug_loc     0x00000090       0x64 GPIO.o
 .debug_loc     0x000000f4       0x38 main.o
 .debug_loc     0x0000012c       0x38 alarm.o

.debug_aranges  0x00000000       0xa0
 .debug_aranges
                0x00000000       0x20 startup.o
 .debug_aranges
                0x00000020       0x20 pressure_sensor.o
 .debug_aranges
                0x00000040       0x20 GPIO.o
 .debug_aranges
                0x00000060       0x20 main.o
 .debug_aranges
                0x00000080       0x20 alarm.o

.debug_line     0x00000000      0x1d1
 .debug_line    0x00000000       0x7d startup.o
 .debug_line    0x0000007d       0x55 pressure_sensor.o
 .debug_line    0x000000d2       0x5d GPIO.o
 .debug_line    0x0000012f       0x54 main.o
 .debug_line    0x00000183       0x4e alarm.o

.debug_str      0x00000000      0x1b5
 .debug_str     0x00000000      0x131 startup.o
                                0x151 (size before relaxing)
 .debug_str     0x00000131       0x29 pressure_sensor.o
                                 0xd5 (size before relaxing)
 .debug_str     0x0000015a       0x28 GPIO.o
                                 0xe3 (size before relaxing)
 .debug_str     0x00000182       0x18 main.o
                                 0xcb (size before relaxing)
 .debug_str     0x0000019a       0x1b alarm.o
                                 0xd6 (size before relaxing)

.comment        0x00000000       0x11
 .comment       0x00000000       0x11 startup.o
                                 0x12 (size before relaxing)
 .comment       0x00000000       0x12 pressure_sensor.o
 .comment       0x00000000       0x12 GPIO.o
 .comment       0x00000000       0x12 main.o
 .comment       0x00000000       0x12 alarm.o

.ARM.attributes
                0x00000000       0x33
 .ARM.attributes
                0x00000000       0x33 startup.o
 .ARM.attributes
                0x00000033       0x33 pressure_sensor.o
 .ARM.attributes
                0x00000066       0x33 GPIO.o
 .ARM.attributes
                0x00000099       0x33 main.o
 .ARM.attributes
                0x000000cc       0x33 alarm.o

.debug_frame    0x00000000      0x114
 .debug_frame   0x00000000       0x4c startup.o
 .debug_frame   0x0000004c       0x28 pressure_sensor.o
 .debug_frame   0x00000074       0x44 GPIO.o
 .debug_frame   0x000000b8       0x30 main.o
 .debug_frame   0x000000e8       0x2c alarm.o
